
> streamhub-web-portal@1.0.0 dev
> next dev -p 3001

 ⚠ `images.domains` is deprecated in favor of `images.remotePatterns`. Please update next.config.js to protect your application from malicious users.
 ⚠ Invalid next.config.js options detected: 
 ⚠     Unrecognized key(s) in object: 'swcMinify', 'serverRuntimeConfig'
 ⚠ See more info here: https://nextjs.org/docs/messages/invalid-next-config
 ⚠ Warning: Next.js inferred your workspace root, but it may not be correct.
 We detected multiple lockfiles and selected the directory of /Users/ronika/package-lock.json as the root directory.
 To silence this warning, set `turbopack.root` in your Next.js config, or consider removing one of the lockfiles if it's not needed.
   See https://nextjs.org/docs/app/api-reference/config/next-config-js/turbopack#root-directory for more information.
 Detected additional lockfiles: 
   * /Users/ronika/Desktop/iptv/web-portal/package-lock.json

   ▲ Next.js 16.0.7 (Turbopack)
   - Local:         http://localhost:3001
   - Network:       http://192.168.2.69:3001
   - Environments: .env.local
   - Experiments (use with caution):
     · serverActions

 ✓ Starting...
 ✓ Ready in 448ms
 GET / 200 in 1158ms (compile: 1075ms, render: 83ms)
[?25h
